error: Valid enum representation type expected as argument to the discriminant macro, e.g., #[discriminant(u8)]
 --> tests/compile-fail/unknown_type.rs:3:16
  |
3 | #[discriminant(unknown)]
  |                ^^^^^^^
